// Jest Snapshot v1, https://goo.gl/fbAQLP

exports[`The Discover tab component Should retrieve the Content Channel Feeds 1`] = `
<View
  onLayout={[Function]}
  style={
    Object {
      "flex": 1,
    }
  }
>
  <View
    enabled={false}
    hitSlop={
      Object {
        "right": 50,
      }
    }
    maxDeltaY={20}
    minOffsetX={5}
    onGestureEvent={[Function]}
    onHandlerStateChange={[Function]}
  >
    <View
      style={
        Object {
          "backgroundColor": "#eee",
          "flex": 1,
          "flexDirection": "column-reverse",
          "overflow": "hidden",
        }
      }
    >
      <View
        style={
          Object {
            "flex": 1,
          }
        }
      >
        <View
          pointerEvents="auto"
          style={
            Object {
              "bottom": 0,
              "left": 0,
              "opacity": 1,
              "paddingTop": 64,
              "position": "absolute",
              "right": 0,
              "top": 0,
              "transform": Array [
                Object {
                  "translateX": 0,
                },
                Object {
                  "translateY": 0,
                },
              ],
            }
          }
        >
          <View
            accessibilityElementsHidden={false}
            style={
              Object {
                "backgroundColor": "#fff",
                "flex": 1,
              }
            }
          >
            <BVLinearGradient
              colors={
                Array [
                  4294967295,
                  4294506484,
                ]
              }
              endPoint={
                Object {
                  "x": 0.5,
                  "y": 1,
                }
              }
              locations={null}
              startPoint={
                Object {
                  "x": 0.5,
                  "y": 0,
                }
              }
              style={
                Object {
                  "flex": 1,
                  "height": "100%",
                }
              }
            >
              <View
                style={Object {}}
              >
                <View
                  style={
                    Object {
                      "backgroundColor": "#ffffff",
                      "paddingBottom": 8,
                      "paddingHorizontal": 16,
                      "paddingVertical": 0,
                      "shadowColor": "rgba(0, 0, 0, 0.3)",
                      "shadowOffset": Object {
                        "height": 0.5,
                        "width": 0,
                      },
                      "shadowOpacity": 0.85,
                      "shadowRadius": 0,
                    }
                  }
                  vertical={false}
                >
                  <View
                    disabled={false}
                    style={
                      Object {
                        "overflow": "hidden",
                      }
                    }
                  >
                    <View
                      style={
                        Object {
                          "alignItems": "center",
                          "backgroundColor": "#F8F7F4",
                          "borderRadius": 16,
                          "flexDirection": "row",
                          "flexGrow": 1,
                          "overflow": "hidden",
                        }
                      }
                    >
                      <RNSVGSvgView
                        align="xMidYMid"
                        bbHeight={16}
                        bbWidth={16}
                        focusable={false}
                        height={16}
                        isFocused={false}
                        meetOrSlice={0}
                        minX={0}
                        minY={0}
                        style={
                          Array [
                            Object {
                              "backgroundColor": "transparent",
                              "borderWidth": 0,
                            },
                            Object {
                              "marginLeft": 16,
                            },
                            Object {
                              "opacity": 1,
                            },
                            Object {
                              "flex": 0,
                              "height": 16,
                              "width": 16,
                            },
                          ]
                        }
                        vbHeight={24}
                        vbWidth={24}
                        width={16}
                      >
                        <RNSVGGroup
                          fill={
                            Array [
                              0,
                              4278190080,
                            ]
                          }
                          fillOpacity={1}
                          fillRule={1}
                          font={Object {}}
                          matrix={
                            Array [
                              1,
                              0,
                              0,
                              1,
                              0,
                              0,
                            ]
                          }
                          opacity={1}
                          originX={0}
                          originY={0}
                          propList={Array []}
                          rotation={0}
                          scaleX={1}
                          scaleY={1}
                          skewX={0}
                          skewY={0}
                          stroke={null}
                          strokeDasharray={null}
                          strokeDashoffset={null}
                          strokeLinecap={0}
                          strokeLinejoin={0}
                          strokeMiterlimit={4}
                          strokeOpacity={1}
                          strokeWidth={1}
                          vectorEffect={0}
                          x={0}
                          y={0}
                        >
                          <RNSVGPath
                            d="M20.77 18.56l-3.42-3.42c.82-1.24 1.3-2.72 1.3-4.3 0-4.33-3.5-7.84-7.82-7.84S3 6.5 3 10.83c0 4.3 3.5 7.82 7.83 7.82 1.6 0 3.07-.48 4.3-1.3l3.43 3.42c.3.3.8.3 1.1 0l1.1-1.1c.32-.3.32-.8 0-1.1zm-16.2-7.73c0-3.46 2.8-6.26 6.26-6.26 3.45 0 6.26 2.8 6.26 6.26 0 3.45-2.83 6.26-6.28 6.26-3.46 0-6.26-2.83-6.26-6.28z"
                            fill={
                              Array [
                                0,
                                4286940549,
                              ]
                            }
                            fillOpacity={1}
                            fillRule={1}
                            matrix={
                              Array [
                                1,
                                0,
                                0,
                                1,
                                0,
                                0,
                              ]
                            }
                            opacity={1}
                            originX={0}
                            originY={0}
                            propList={
                              Array [
                                "fill",
                              ]
                            }
                            rotation={0}
                            scaleX={1}
                            scaleY={1}
                            skewX={0}
                            skewY={0}
                            stroke={null}
                            strokeDasharray={null}
                            strokeDashoffset={null}
                            strokeLinecap={0}
                            strokeLinejoin={0}
                            strokeMiterlimit={4}
                            strokeOpacity={1}
                            strokeWidth={1}
                            vectorEffect={0}
                            x={0}
                            y={0}
                          />
                        </RNSVGGroup>
                      </RNSVGSvgView>
                      <TextInput
                        allowFontScaling={true}
                        cancelButtonOffset={1000}
                        editable={true}
                        isFocused={false}
                        onChangeText={[Function]}
                        onFocus={[Function]}
                        placeholder="Search"
                        placeholderTextColor="#858585"
                        rejectResponderTermination={true}
                        returnKeyType="search"
                        selectionColor="#6bac43"
                        style={
                          Object {
                            "flexGrow": 1,
                            "fontFamily": "Colfax-Regular",
                            "fontSize": 14,
                            "height": 40,
                            "paddingLeft": 8,
                            "paddingRight": 0,
                            "paddingTop": 1,
                            "paddingVertical": 0,
                          }
                        }
                        underlineColorAndroid="transparent"
                        value=""
                      />
                    </View>
                    <View
                      style={
                        Object {
                          "height": "100%",
                          "position": "absolute",
                          "right": 0,
                          "transform": Array [
                            Object {
                              "translateX": 1000,
                            },
                          ],
                        }
                      }
                    >
                      <View
                        style={
                          Object {
                            "alignItems": "center",
                            "backgroundColor": "#ffffff",
                            "flexDirection": "row",
                          }
                        }
                      >
                        <View
                          style={
                            Object {
                              "backgroundColor": "#F8F7F4",
                              "borderBottomRightRadius": 16,
                              "borderColor": "#F8F7F4",
                              "borderRightWidth": 1,
                              "borderTopRightRadius": 16,
                              "overflow": "hidden",
                            }
                          }
                        >
                          <View
                            accessible={true}
                            clickable={true}
                            isTVSelectable={true}
                            onClick={[Function]}
                            onResponderGrant={[Function]}
                            onResponderMove={[Function]}
                            onResponderRelease={[Function]}
                            onResponderTerminate={[Function]}
                            onResponderTerminationRequest={[Function]}
                            onStartShouldSetResponder={[Function]}
                            style={
                              Object {
                                "opacity": 1,
                              }
                            }
                          >
                            <View
                              borderRadius={28}
                              iconPadding={12}
                              style={
                                Object {
                                  "opacity": 0,
                                  "padding": 12,
                                }
                              }
                            >
                              <RNSVGSvgView
                                align="xMidYMid"
                                bbHeight={16}
                                bbWidth={16}
                                focusable={false}
                                height={16}
                                meetOrSlice={0}
                                minX={0}
                                minY={0}
                                style={
                                  Array [
                                    Object {
                                      "backgroundColor": "transparent",
                                      "borderWidth": 0,
                                    },
                                    undefined,
                                    Object {
                                      "opacity": 1,
                                    },
                                    Object {
                                      "flex": 0,
                                      "height": 16,
                                      "width": 16,
                                    },
                                  ]
                                }
                                vbHeight={24}
                                vbWidth={24}
                                width={16}
                              >
                                <RNSVGGroup
                                  fill={
                                    Array [
                                      0,
                                      4278190080,
                                    ]
                                  }
                                  fillOpacity={1}
                                  fillRule={1}
                                  font={Object {}}
                                  matrix={
                                    Array [
                                      1,
                                      0,
                                      0,
                                      1,
                                      0,
                                      0,
                                    ]
                                  }
                                  opacity={1}
                                  originX={0}
                                  originY={0}
                                  propList={Array []}
                                  rotation={0}
                                  scaleX={1}
                                  scaleY={1}
                                  skewX={0}
                                  skewY={0}
                                  stroke={null}
                                  strokeDasharray={null}
                                  strokeDashoffset={null}
                                  strokeLinecap={0}
                                  strokeLinejoin={0}
                                  strokeMiterlimit={4}
                                  strokeOpacity={1}
                                  strokeWidth={1}
                                  vectorEffect={0}
                                  x={0}
                                  y={0}
                                >
                                  <RNSVGPath
                                    d="M13.07 12l7.2-7.2.5-.5c.3-.3.3-.78 0-1.08-.3-.3-.76-.3-1.06 0l-.5.5-7.2 7.2-7.2-7.2-.5-.5c-.3-.3-.77-.3-1.07 0-.3.3-.3.77 0 1.07l.5.5 7.2 7.2-7.7 7.7c-.3.3-.3.77 0 1.07.3.3.77.3 1.07 0l7.7-7.7 7.7 7.7c.3.3.78.3 1.08 0 .3-.3.3-.77 0-1.07l-7.7-7.7z"
                                    fill={
                                      Array [
                                        0,
                                        4286940549,
                                      ]
                                    }
                                    fillOpacity={1}
                                    fillRule={1}
                                    matrix={
                                      Array [
                                        1,
                                        0,
                                        0,
                                        1,
                                        0,
                                        0,
                                      ]
                                    }
                                    opacity={1}
                                    originX={0}
                                    originY={0}
                                    propList={
                                      Array [
                                        "fill",
                                      ]
                                    }
                                    rotation={0}
                                    scaleX={1}
                                    scaleY={1}
                                    skewX={0}
                                    skewY={0}
                                    stroke={null}
                                    strokeDasharray={null}
                                    strokeDashoffset={null}
                                    strokeLinecap={0}
                                    strokeLinejoin={0}
                                    strokeMiterlimit={4}
                                    strokeOpacity={1}
                                    strokeWidth={1}
                                    vectorEffect={0}
                                    x={0}
                                    y={0}
                                  />
                                </RNSVGGroup>
                              </RNSVGSvgView>
                            </View>
                          </View>
                        </View>
                        <Text
                          onLayout={[Function]}
                          onPress={[Function]}
                          style={
                            Object {
                              "color": "#6bac43",
                              "fontFamily": "Colfax-Regular",
                              "fontSize": 14,
                              "fontStyle": null,
                              "fontWeight": null,
                              "lineHeight": 20.16,
                              "paddingLeft": 16,
                            }
                          }
                        >
                          Cancel
                        </Text>
                      </View>
                    </View>
                  </View>
                </View>
              </View>
              <RCTScrollView
                data={
                  Array [
                    Object {
                      "__typename": "ContentChannel",
                      "childContentItemsConnection": Object {
                        "__typename": "ContentItemsConnection",
                        "edges": Array [
                          Object {
                            "__typename": "ContentItemsConnectionEdge",
                            "node": Object {
                              "__typename": "UniversalContentItem",
                              "coverImage": Object {
                                "__typename": "ImageMedia",
                                "sources": Array [
                                  Object {
                                    "__typename": "ImageMediaSource",
                                    "uri": "https://res.cloudinary.com/apollos/image/fetch/c_limit,f_auto,w_1600/https://apollosrock.newspring.cc/GetImage.ashx%3Fguid%3D62e0e2ba-2dac-468b-a852-7e8cf2533efc",
                                  },
                                ],
                              },
                              "hyphenatedTitle": "Anderson Family Cookout!",
                              "id": "UniversalContentItem:00bb7b364911281c97fc50f2a0d17b11",
                              "parentChannel": Object {
                                "__typename": "ContentChannel",
                                "id": "ContentChannel:965b6e6d7046a885bea4e300b5c0400d",
                                "name": "News",
                              },
                              "summary": "Come join us!",
                              "theme": null,
                              "title": "Anderson Family Cookout!",
                              "videos": Array [],
                            },
                          },
                          Object {
                            "__typename": "ContentItemsConnectionEdge",
                            "node": Object {
                              "__typename": "UniversalContentItem",
                              "coverImage": Object {
                                "__typename": "ImageMedia",
                                "sources": Array [
                                  Object {
                                    "__typename": "ImageMediaSource",
                                    "uri": "https://res.cloudinary.com/apollos/image/fetch/c_limit,f_auto,w_1600/https://apollosrock.newspring.cc/GetImage.ashx%3Fguid%3Df3ba0936-8aab-46c1-8245-0e5aef637ae3",
                                  },
                                ],
                              },
                              "hyphenatedTitle": "Robert Madu is Coming to Christ Fellowship",
                              "id": "UniversalContentItem:7db601b238aa4345a818654300f83dd2",
                              "parentChannel": Object {
                                "__typename": "ContentChannel",
                                "id": "ContentChannel:965b6e6d7046a885bea4e300b5c0400d",
                                "name": "News",
                              },
                              "summary": "Don't miss a powerful message from preacher and speaker, Robert Madu.",
                              "theme": null,
                              "title": "Robert Madu is Coming to Christ Fellowship",
                              "videos": Array [],
                            },
                          },
                          Object {
                            "__typename": "ContentItemsConnectionEdge",
                            "node": Object {
                              "__typename": "UniversalContentItem",
                              "coverImage": Object {
                                "__typename": "ImageMedia",
                                "sources": Array [
                                  Object {
                                    "__typename": "ImageMediaSource",
                                    "uri": "https://res.cloudinary.com/apollos/image/fetch/c_limit,f_auto,w_1600/https://apollosrock.newspring.cc/GetImage.ashx%3Fguid%3D58c037fa-cc7f-4d72-9571-a0cc0558e346",
                                  },
                                ],
                              },
                              "hyphenatedTitle": "Guys Night!",
                              "id": "UniversalContentItem:296373ecb53580855cadffa0375ebe18",
                              "parentChannel": Object {
                                "__typename": "ContentChannel",
                                "id": "ContentChannel:965b6e6d7046a885bea4e300b5c0400d",
                                "name": "News",
                              },
                              "summary": "A time to connect with other guys who live nearby.",
                              "theme": null,
                              "title": "Guys Night!",
                              "videos": Array [],
                            },
                          },
                        ],
                      },
                      "id": "ContentChannel:965b6e6d7046a885bea4e300b5c0400d",
                      "name": "News",
                    },
                    Object {
                      "__typename": "ContentChannel",
                      "childContentItemsConnection": Object {
                        "__typename": "ContentItemsConnection",
                        "edges": Array [
                          Object {
                            "__typename": "ContentItemsConnectionEdge",
                            "node": Object {
                              "__typename": "UniversalContentItem",
                              "coverImage": null,
                              "hyphenatedTitle": "Test Article",
                              "id": "UniversalContentItem:604a4a763a5fc0edfe386684ca6b3515",
                              "parentChannel": Object {
                                "__typename": "ContentChannel",
                                "id": "ContentChannel:4f68015ba18662a7409d1219a4ce013e",
                                "name": "Articles",
                              },
                              "summary": "Test article...",
                              "theme": null,
                              "title": "Test Article",
                              "videos": Array [],
                            },
                          },
                          Object {
                            "__typename": "ContentItemsConnectionEdge",
                            "node": Object {
                              "__typename": "UniversalContentItem",
                              "coverImage": null,
                              "hyphenatedTitle": "10 ways to refresh your spirit every day",
                              "id": "UniversalContentItem:c495ff18cd998ed516a798b6218907cd",
                              "parentChannel": Object {
                                "__typename": "ContentChannel",
                                "id": "ContentChannel:4f68015ba18662a7409d1219a4ce013e",
                                "name": "Articles",
                              },
                              "summary": "1. Be slow What would it look like to live your life at half-speed?",
                              "theme": null,
                              "title": "10 ways to refresh your spirit every day",
                              "videos": Array [],
                            },
                          },
                          Object {
                            "__typename": "ContentItemsConnectionEdge",
                            "node": Object {
                              "__typename": "UniversalContentItem",
                              "coverImage": null,
                              "hyphenatedTitle": "Live for Freedom Toolkit",
                              "id": "UniversalContentItem:95ff79f60a028b1b506aaeedf8b4c6ae",
                              "parentChannel": Object {
                                "__typename": "ContentChannel",
                                "id": "ContentChannel:4f68015ba18662a7409d1219a4ce013e",
                                "name": "Articles",
                              },
                              "summary": "Get in the Groove
Celebrate your freedom in Christ — in the car, shower, cubicle or wherever you go — with this playlist of NewSpring Worship's favorite songs of the summer.",
                              "theme": null,
                              "title": "Live for Freedom Toolkit",
                              "videos": Array [],
                            },
                          },
                        ],
                      },
                      "id": "ContentChannel:4f68015ba18662a7409d1219a4ce013e",
                      "name": "Articles",
                    },
                    Object {
                      "__typename": "ContentChannel",
                      "childContentItemsConnection": Object {
                        "__typename": "ContentItemsConnection",
                        "edges": Array [
                          Object {
                            "__typename": "ContentItemsConnectionEdge",
                            "node": Object {
                              "__typename": "ContentSeriesContentItem",
                              "coverImage": Object {
                                "__typename": "ImageMedia",
                                "sources": Array [
                                  Object {
                                    "__typename": "ImageMediaSource",
                                    "uri": "https://res.cloudinary.com/apollos/image/fetch/c_limit,f_auto,w_1600/https://apollosrock.newspring.cc/GetImage.ashx%3Fguid%3D98be229f-dfed-4344-86ab-0d11666fc781",
                                  },
                                ],
                              },
                              "hyphenatedTitle": "The New Weekend Experience",
                              "id": "ContentSeriesContentItem:6d8dc8e4bad017f815ae0cac8bf692bb",
                              "parentChannel": Object {
                                "__typename": "ContentChannel",
                                "id": "ContentChannel:a0f64573eabf00a607bec911794d50fb",
                                "name": "Sermon Series",
                              },
                              "summary": "Have you come into relationship with Jesus Christ?",
                              "theme": null,
                              "title": "The New Weekend Experience",
                              "videos": Array [
                                Object {
                                  "__typename": "VideoMedia",
                                  "sources": Array [],
                                },
                                Object {
                                  "__typename": "VideoMedia",
                                  "sources": Array [],
                                },
                              ],
                            },
                          },
                          Object {
                            "__typename": "ContentItemsConnectionEdge",
                            "node": Object {
                              "__typename": "ContentSeriesContentItem",
                              "coverImage": Object {
                                "__typename": "ImageMedia",
                                "sources": Array [
                                  Object {
                                    "__typename": "ImageMediaSource",
                                    "uri": "https://res.cloudinary.com/apollos/image/fetch/c_limit,f_auto,w_1600/https://apollosrock.newspring.cc/GetImage.ashx%3Fguid%3D50f4e3e3-2842-4991-9f64-8fc6fbb3067c",
                                  },
                                ],
                              },
                              "hyphenatedTitle": "Gathering",
                              "id": "ContentSeriesContentItem:08449058d438ebeaffe9adb7a8e633cc",
                              "parentChannel": Object {
                                "__typename": "ContentChannel",
                                "id": "ContentChannel:a0f64573eabf00a607bec911794d50fb",
                                "name": "Sermon Series",
                              },
                              "summary": "",
                              "theme": null,
                              "title": "Gathering",
                              "videos": Array [
                                Object {
                                  "__typename": "VideoMedia",
                                  "sources": Array [],
                                },
                                Object {
                                  "__typename": "VideoMedia",
                                  "sources": Array [],
                                },
                              ],
                            },
                          },
                          Object {
                            "__typename": "ContentItemsConnectionEdge",
                            "node": Object {
                              "__typename": "ContentSeriesContentItem",
                              "coverImage": Object {
                                "__typename": "ImageMedia",
                                "sources": Array [
                                  Object {
                                    "__typename": "ImageMediaSource",
                                    "uri": "https://res.cloudinary.com/apollos/image/fetch/c_limit,f_auto,w_1600/https://apollosrock.newspring.cc/GetImage.ashx%3Fguid%3D3e3e38d2-d804-45db-b45a-3b7a82c415d1",
                                  },
                                ],
                              },
                              "hyphenatedTitle": "Gauntlet 2018",
                              "id": "ContentSeriesContentItem:b74c2d295a0cf1340232ffa8be856c00",
                              "parentChannel": Object {
                                "__typename": "ContentChannel",
                                "id": "ContentChannel:a0f64573eabf00a607bec911794d50fb",
                                "name": "Sermon Series",
                              },
                              "summary": "",
                              "theme": null,
                              "title": "Gauntlet 2018",
                              "videos": Array [
                                Object {
                                  "__typename": "VideoMedia",
                                  "sources": Array [],
                                },
                                Object {
                                  "__typename": "VideoMedia",
                                  "sources": Array [],
                                },
                              ],
                            },
                          },
                        ],
                      },
                      "id": "ContentChannel:a0f64573eabf00a607bec911794d50fb",
                      "name": "Sermon Series",
                    },
                    Object {
                      "__typename": "ContentChannel",
                      "childContentItemsConnection": Object {
                        "__typename": "ContentItemsConnection",
                        "edges": Array [
                          Object {
                            "__typename": "ContentItemsConnectionEdge",
                            "node": Object {
                              "__typename": "ContentSeriesContentItem",
                              "coverImage": Object {
                                "__typename": "ImageMedia",
                                "sources": Array [
                                  Object {
                                    "__typename": "ImageMediaSource",
                                    "uri": "https://res.cloudinary.com/apollos/image/fetch/c_limit,f_auto,w_1600/https://apollosrock.newspring.cc/GetImage.ashx%3Fguid%3D31af1a61-360c-4b1e-8e62-45517c06a9a2",
                                  },
                                ],
                              },
                              "hyphenatedTitle": "Jeremiah: A 33-Day Devotional",
                              "id": "ContentSeriesContentItem:b085ec27d53006e9e6b95f3ac57da581",
                              "parentChannel": Object {
                                "__typename": "ContentChannel",
                                "id": "ContentChannel:7fba1b1ee253e0fd5f0795b4b8b1175e",
                                "name": "Devotion Series",
                              },
                              "summary": "Have you ever had to deliver difficult news?",
                              "theme": null,
                              "title": "Jeremiah: A 33-Day Devotional",
                              "videos": Array [
                                Object {
                                  "__typename": "VideoMedia",
                                  "sources": Array [],
                                },
                              ],
                            },
                          },
                          Object {
                            "__typename": "ContentItemsConnectionEdge",
                            "node": Object {
                              "__typename": "ContentSeriesContentItem",
                              "coverImage": Object {
                                "__typename": "ImageMedia",
                                "sources": Array [
                                  Object {
                                    "__typename": "ImageMediaSource",
                                    "uri": "https://res.cloudinary.com/apollos/image/fetch/c_limit,f_auto,w_1600/https://apollosrock.newspring.cc/GetImage.ashx%3Fguid%3Dd3a96243-2558-4c04-bf41-3aadcf41771f",
                                  },
                                ],
                              },
                              "hyphenatedTitle": "How To Be A Better Leader: A 7-Day Devotional",
                              "id": "ContentSeriesContentItem:71bfdac0b98ea1b72a63ff4ea64e3c5a",
                              "parentChannel": Object {
                                "__typename": "ContentChannel",
                                "id": "ContentChannel:7fba1b1ee253e0fd5f0795b4b8b1175e",
                                "name": "Devotion Series",
                              },
                              "summary": "",
                              "theme": null,
                              "title": "How To Be A Better Leader: A 7-Day Devotional",
                              "videos": Array [
                                Object {
                                  "__typename": "VideoMedia",
                                  "sources": Array [],
                                },
                              ],
                            },
                          },
                          Object {
                            "__typename": "ContentItemsConnectionEdge",
                            "node": Object {
                              "__typename": "ContentSeriesContentItem",
                              "coverImage": Object {
                                "__typename": "ImageMedia",
                                "sources": Array [
                                  Object {
                                    "__typename": "ImageMediaSource",
                                    "uri": "https://res.cloudinary.com/apollos/image/fetch/c_limit,f_auto,w_1600/https://apollosrock.newspring.cc/GetImage.ashx%3Fguid%3D70b0b57c-5a15-4f46-8e6a-c759231685bf",
                                  },
                                ],
                              },
                              "hyphenatedTitle": "2 Thessalonians: A 5-Day Devotional",
                              "id": "ContentSeriesContentItem:44fd3b82373ea8f197bd1e1e77c4bed0",
                              "parentChannel": Object {
                                "__typename": "ContentChannel",
                                "id": "ContentChannel:7fba1b1ee253e0fd5f0795b4b8b1175e",
                                "name": "Devotion Series",
                              },
                              "summary": "",
                              "theme": null,
                              "title": "2 Thessalonians: A 5-Day Devotional",
                              "videos": Array [
                                Object {
                                  "__typename": "VideoMedia",
                                  "sources": Array [],
                                },
                              ],
                            },
                          },
                        ],
                      },
                      "id": "ContentChannel:7fba1b1ee253e0fd5f0795b4b8b1175e",
                      "name": "Devotion Series",
                    },
                    Object {
                      "__typename": "ContentChannel",
                      "childContentItemsConnection": Object {
                        "__typename": "ContentItemsConnection",
                        "edges": Array [
                          Object {
                            "__typename": "ContentItemsConnectionEdge",
                            "node": Object {
                              "__typename": "UniversalContentItem",
                              "coverImage": Object {
                                "__typename": "ImageMedia",
                                "sources": Array [
                                  Object {
                                    "__typename": "ImageMediaSource",
                                    "uri": "https://res.cloudinary.com/apollos/image/fetch/c_limit,f_auto,w_1600/https://apollosrock.newspring.cc/GetImage.ashx%3Fguid%3D2a65e561-cd6e-4590-bb37-029a21c554e8",
                                  },
                                ],
                              },
                              "hyphenatedTitle": "The surprising journey that changed me and my dad",
                              "id": "UniversalContentItem:cf8fa657f23af88a2d63f7e4a2237db8",
                              "parentChannel": Object {
                                "__typename": "ContentChannel",
                                "id": "ContentChannel:be7381e9c2fea9f41504cd98d4b14321",
                                "name": "Stories",
                              },
                              "summary": "My father, Darwin, has always been involved in my life.",
                              "theme": null,
                              "title": "The surprising journey that changed me and my dad",
                              "videos": Array [],
                            },
                          },
                          Object {
                            "__typename": "ContentItemsConnectionEdge",
                            "node": Object {
                              "__typename": "UniversalContentItem",
                              "coverImage": Object {
                                "__typename": "ImageMedia",
                                "sources": Array [
                                  Object {
                                    "__typename": "ImageMediaSource",
                                    "uri": "https://res.cloudinary.com/apollos/image/fetch/c_limit,f_auto,w_1600/https://apollosrock.newspring.cc/GetImage.ashx%3Fguid%3D0305285f-1155-4405-ba38-a61b9c8558be",
                                  },
                                ],
                              },
                              "hyphenatedTitle": "When I lost hope, my church family had my back",
                              "id": "UniversalContentItem:2e17f5a66407d114ab9f2392b03ebccd",
                              "parentChannel": Object {
                                "__typename": "ContentChannel",
                                "id": "ContentChannel:be7381e9c2fea9f41504cd98d4b14321",
                                "name": "Stories",
                              },
                              "summary": "Brian Kalwat was just trying to knock something off his honey-do list.",
                              "theme": null,
                              "title": "When I lost hope, my church family had my back",
                              "videos": Array [],
                            },
                          },
                          Object {
                            "__typename": "ContentItemsConnectionEdge",
                            "node": Object {
                              "__typename": "UniversalContentItem",
                              "coverImage": Object {
                                "__typename": "ImageMedia",
                                "sources": Array [
                                  Object {
                                    "__typename": "ImageMediaSource",
                                    "uri": "https://res.cloudinary.com/apollos/image/fetch/c_limit,f_auto,w_1600/https://apollosrock.newspring.cc/GetImage.ashx%3Fguid%3Da65bc45d-f961-4b7e-a899-63eb1f9b8da9",
                                  },
                                ],
                              },
                              "hyphenatedTitle": "A Place to Worship Free of Fear",
                              "id": "UniversalContentItem:ae8ec75906ba7437c49ad2534b5024db",
                              "parentChannel": Object {
                                "__typename": "ContentChannel",
                                "id": "ContentChannel:be7381e9c2fea9f41504cd98d4b14321",
                                "name": "Stories",
                              },
                              "summary": "Cornelius &amp; Stephanie Mack, proud parents of a Special Friends adult, share about their experience
Our son Cameron began attending Willow Creek Special Friends in 2015.",
                              "theme": null,
                              "title": "A Place to Worship Free of Fear",
                              "videos": Array [],
                            },
                          },
                        ],
                      },
                      "id": "ContentChannel:be7381e9c2fea9f41504cd98d4b14321",
                      "name": "Stories",
                    },
                  ]
                }
                disableVirtualization={false}
                getItem={[Function]}
                getItemCount={[Function]}
                horizontal={false}
                initialNumToRender={10}
                keyExtractor={[Function]}
                loadingStateObject={
                  Object {
                    "isLoading": true,
                    "name": "",
                  }
                }
                maxToRenderPerBatch={10}
                numColumns={1}
                onContentSizeChange={[Function]}
                onEndReachedThreshold={0.7}
                onLayout={[Function]}
                onMomentumScrollEnd={[Function]}
                onRefresh={[Function]}
                onScroll={[Function]}
                onScrollBeginDrag={[Function]}
                onScrollEndDrag={[Function]}
                refreshControl={
                  <RefreshControlMock
                    onRefresh={[Function]}
                    refreshing={false}
                  />
                }
                refreshing={false}
                removeClippedSubviews={false}
                renderItem={[Function]}
                scrollEventThrottle={50}
                stickyHeaderIndices={Array []}
                updateCellsBatchingPeriod={50}
                viewabilityConfigCallbackPairs={Array []}
                windowSize={21}
              >
                <RCTRefreshControl />
                <View>
                  <View
                    onLayout={[Function]}
                    style={null}
                  >
                    <View
                      style={
                        Object {
                          "alignItems": "center",
                          "flexDirection": "row",
                          "justifyContent": "space-between",
                          "paddingLeft": 16,
                          "zIndex": 2,
                        }
                      }
                    >
                      <View
                        style={
                          Object {
                            "flexGrow": 2,
                          }
                        }
                      >
                        <Text
                          style={
                            Object {
                              "color": "#303030",
                              "fontFamily": "Colfax-Medium",
                              "fontSize": 14,
                              "lineHeight": 20.16,
                            }
                          }
                        >
                          News
                        </Text>
                      </View>
                      <View
                        accessible={true}
                        clickable={true}
                        isTVSelectable={true}
                        onClick={[Function]}
                        onResponderGrant={[Function]}
                        onResponderMove={[Function]}
                        onResponderRelease={[Function]}
                        onResponderTerminate={[Function]}
                        onResponderTerminationRequest={[Function]}
                        onStartShouldSetResponder={[Function]}
                        style={
                          Object {
                            "opacity": 1,
                          }
                        }
                      >
                        <View
                          style={
                            Object {
                              "flexDirection": "row",
                              "justifyContent": "flex-end",
                              "padding": 16,
                            }
                          }
                        >
                          <Text
                            style={
                              Object {
                                "color": "#505050",
                                "fontFamily": "Colfax-Bold",
                                "fontSize": 12,
                                "lineHeight": 17.28,
                              }
                            }
                          >
                            <Text
                              style={
                                Object {
                                  "color": "#6bac43",
                                }
                              }
                            >
                              View All
                            </Text>
                          </Text>
                        </View>
                      </View>
                    </View>
                    <View
                      contentContainerStyle={
                        Object {
                          "padding": 8,
                          "paddingBottom": 0,
                        }
                      }
                      data={
                        Array [
                          Object {
                            "__typename": "UniversalContentItem",
                            "coverImage": Object {
                              "__typename": "ImageMedia",
                              "sources": Array [
                                Object {
                                  "__typename": "ImageMediaSource",
                                  "uri": "https://res.cloudinary.com/apollos/image/fetch/c_limit,f_auto,w_1600/https://apollosrock.newspring.cc/GetImage.ashx%3Fguid%3D62e0e2ba-2dac-468b-a852-7e8cf2533efc",
                                },
                              ],
                            },
                            "hyphenatedTitle": "Anderson Family Cookout!",
                            "id": "UniversalContentItem:00bb7b364911281c97fc50f2a0d17b11",
                            "parentChannel": Object {
                              "__typename": "ContentChannel",
                              "id": "ContentChannel:965b6e6d7046a885bea4e300b5c0400d",
                              "name": "News",
                            },
                            "summary": "Come join us!",
                            "theme": null,
                            "title": "Anderson Family Cookout!",
                            "videos": Array [],
                          },
                          Object {
                            "__typename": "UniversalContentItem",
                            "coverImage": Object {
                              "__typename": "ImageMedia",
                              "sources": Array [
                                Object {
                                  "__typename": "ImageMediaSource",
                                  "uri": "https://res.cloudinary.com/apollos/image/fetch/c_limit,f_auto,w_1600/https://apollosrock.newspring.cc/GetImage.ashx%3Fguid%3Df3ba0936-8aab-46c1-8245-0e5aef637ae3",
                                },
                              ],
                            },
                            "hyphenatedTitle": "Robert Madu is Coming to Christ Fellowship",
                            "id": "UniversalContentItem:7db601b238aa4345a818654300f83dd2",
                            "parentChannel": Object {
                              "__typename": "ContentChannel",
                              "id": "ContentChannel:965b6e6d7046a885bea4e300b5c0400d",
                              "name": "News",
                            },
                            "summary": "Don't miss a powerful message from preacher and speaker, Robert Madu.",
                            "theme": null,
                            "title": "Robert Madu is Coming to Christ Fellowship",
                            "videos": Array [],
                          },
                          Object {
                            "__typename": "UniversalContentItem",
                            "coverImage": Object {
                              "__typename": "ImageMedia",
                              "sources": Array [
                                Object {
                                  "__typename": "ImageMediaSource",
                                  "uri": "https://res.cloudinary.com/apollos/image/fetch/c_limit,f_auto,w_1600/https://apollosrock.newspring.cc/GetImage.ashx%3Fguid%3D58c037fa-cc7f-4d72-9571-a0cc0558e346",
                                },
                              ],
                            },
                            "hyphenatedTitle": "Guys Night!",
                            "id": "UniversalContentItem:296373ecb53580855cadffa0375ebe18",
                            "parentChannel": Object {
                              "__typename": "ContentChannel",
                              "id": "ContentChannel:965b6e6d7046a885bea4e300b5c0400d",
                              "name": "News",
                            },
                            "summary": "A time to connect with other guys who live nearby.",
                            "theme": null,
                            "title": "Guys Night!",
                            "videos": Array [],
                          },
                        ]
                      }
                      decelerationRate="fast"
                      horizontal={true}
                      initialScrollIndex={0}
                      keyExtractor={[Function]}
                      loadingStateObject={
                        Object {
                          "coverImage": Array [],
                          "id": "fake_id",
                          "title": "",
                        }
                      }
                      refreshing={false}
                      renderItem={[Function]}
                      showsHorizontalScrollIndicator={false}
                      snapToAlignment="start"
                      snapToInterval={256}
                      style={
                        Object {
                          "marginTop": -20,
                          "paddingBottom": 16,
                          "zIndex": 1,
                        }
                      }
                    />
                  </View>
                  <View
                    onLayout={[Function]}
                    style={null}
                  >
                    <View
                      style={
                        Object {
                          "alignItems": "center",
                          "flexDirection": "row",
                          "justifyContent": "space-between",
                          "paddingLeft": 16,
                          "zIndex": 2,
                        }
                      }
                    >
                      <View
                        style={
                          Object {
                            "flexGrow": 2,
                          }
                        }
                      >
                        <Text
                          style={
                            Object {
                              "color": "#303030",
                              "fontFamily": "Colfax-Medium",
                              "fontSize": 14,
                              "lineHeight": 20.16,
                            }
                          }
                        >
                          Articles
                        </Text>
                      </View>
                      <View
                        accessible={true}
                        clickable={true}
                        isTVSelectable={true}
                        onClick={[Function]}
                        onResponderGrant={[Function]}
                        onResponderMove={[Function]}
                        onResponderRelease={[Function]}
                        onResponderTerminate={[Function]}
                        onResponderTerminationRequest={[Function]}
                        onStartShouldSetResponder={[Function]}
                        style={
                          Object {
                            "opacity": 1,
                          }
                        }
                      >
                        <View
                          style={
                            Object {
                              "flexDirection": "row",
                              "justifyContent": "flex-end",
                              "padding": 16,
                            }
                          }
                        >
                          <Text
                            style={
                              Object {
                                "color": "#505050",
                                "fontFamily": "Colfax-Bold",
                                "fontSize": 12,
                                "lineHeight": 17.28,
                              }
                            }
                          >
                            <Text
                              style={
                                Object {
                                  "color": "#6bac43",
                                }
                              }
                            >
                              View All
                            </Text>
                          </Text>
                        </View>
                      </View>
                    </View>
                    <View
                      contentContainerStyle={
                        Object {
                          "padding": 8,
                          "paddingBottom": 0,
                        }
                      }
                      data={
                        Array [
                          Object {
                            "__typename": "UniversalContentItem",
                            "coverImage": null,
                            "hyphenatedTitle": "Test Article",
                            "id": "UniversalContentItem:604a4a763a5fc0edfe386684ca6b3515",
                            "parentChannel": Object {
                              "__typename": "ContentChannel",
                              "id": "ContentChannel:4f68015ba18662a7409d1219a4ce013e",
                              "name": "Articles",
                            },
                            "summary": "Test article...",
                            "theme": null,
                            "title": "Test Article",
                            "videos": Array [],
                          },
                          Object {
                            "__typename": "UniversalContentItem",
                            "coverImage": null,
                            "hyphenatedTitle": "10 ways to refresh your spirit every day",
                            "id": "UniversalContentItem:c495ff18cd998ed516a798b6218907cd",
                            "parentChannel": Object {
                              "__typename": "ContentChannel",
                              "id": "ContentChannel:4f68015ba18662a7409d1219a4ce013e",
                              "name": "Articles",
                            },
                            "summary": "1. Be slow What would it look like to live your life at half-speed?",
                            "theme": null,
                            "title": "10 ways to refresh your spirit every day",
                            "videos": Array [],
                          },
                          Object {
                            "__typename": "UniversalContentItem",
                            "coverImage": null,
                            "hyphenatedTitle": "Live for Freedom Toolkit",
                            "id": "UniversalContentItem:95ff79f60a028b1b506aaeedf8b4c6ae",
                            "parentChannel": Object {
                              "__typename": "ContentChannel",
                              "id": "ContentChannel:4f68015ba18662a7409d1219a4ce013e",
                              "name": "Articles",
                            },
                            "summary": "Get in the Groove
Celebrate your freedom in Christ — in the car, shower, cubicle or wherever you go — with this playlist of NewSpring Worship's favorite songs of the summer.",
                            "theme": null,
                            "title": "Live for Freedom Toolkit",
                            "videos": Array [],
                          },
                        ]
                      }
                      decelerationRate="fast"
                      horizontal={true}
                      initialScrollIndex={0}
                      keyExtractor={[Function]}
                      loadingStateObject={
                        Object {
                          "coverImage": Array [],
                          "id": "fake_id",
                          "title": "",
                        }
                      }
                      refreshing={false}
                      renderItem={[Function]}
                      showsHorizontalScrollIndicator={false}
                      snapToAlignment="start"
                      snapToInterval={256}
                      style={
                        Object {
                          "marginTop": -20,
                          "paddingBottom": 16,
                          "zIndex": 1,
                        }
                      }
                    />
                  </View>
                  <View
                    onLayout={[Function]}
                    style={null}
                  >
                    <View
                      style={
                        Object {
                          "alignItems": "center",
                          "flexDirection": "row",
                          "justifyContent": "space-between",
                          "paddingLeft": 16,
                          "zIndex": 2,
                        }
                      }
                    >
                      <View
                        style={
                          Object {
                            "flexGrow": 2,
                          }
                        }
                      >
                        <Text
                          style={
                            Object {
                              "color": "#303030",
                              "fontFamily": "Colfax-Medium",
                              "fontSize": 14,
                              "lineHeight": 20.16,
                            }
                          }
                        >
                          Sermon Series
                        </Text>
                      </View>
                      <View
                        accessible={true}
                        clickable={true}
                        isTVSelectable={true}
                        onClick={[Function]}
                        onResponderGrant={[Function]}
                        onResponderMove={[Function]}
                        onResponderRelease={[Function]}
                        onResponderTerminate={[Function]}
                        onResponderTerminationRequest={[Function]}
                        onStartShouldSetResponder={[Function]}
                        style={
                          Object {
                            "opacity": 1,
                          }
                        }
                      >
                        <View
                          style={
                            Object {
                              "flexDirection": "row",
                              "justifyContent": "flex-end",
                              "padding": 16,
                            }
                          }
                        >
                          <Text
                            style={
                              Object {
                                "color": "#505050",
                                "fontFamily": "Colfax-Bold",
                                "fontSize": 12,
                                "lineHeight": 17.28,
                              }
                            }
                          >
                            <Text
                              style={
                                Object {
                                  "color": "#6bac43",
                                }
                              }
                            >
                              View All
                            </Text>
                          </Text>
                        </View>
                      </View>
                    </View>
                    <View
                      contentContainerStyle={
                        Object {
                          "padding": 8,
                          "paddingBottom": 0,
                        }
                      }
                      data={
                        Array [
                          Object {
                            "__typename": "ContentSeriesContentItem",
                            "coverImage": Object {
                              "__typename": "ImageMedia",
                              "sources": Array [
                                Object {
                                  "__typename": "ImageMediaSource",
                                  "uri": "https://res.cloudinary.com/apollos/image/fetch/c_limit,f_auto,w_1600/https://apollosrock.newspring.cc/GetImage.ashx%3Fguid%3D98be229f-dfed-4344-86ab-0d11666fc781",
                                },
                              ],
                            },
                            "hyphenatedTitle": "The New Weekend Experience",
                            "id": "ContentSeriesContentItem:6d8dc8e4bad017f815ae0cac8bf692bb",
                            "parentChannel": Object {
                              "__typename": "ContentChannel",
                              "id": "ContentChannel:a0f64573eabf00a607bec911794d50fb",
                              "name": "Sermon Series",
                            },
                            "summary": "Have you come into relationship with Jesus Christ?",
                            "theme": null,
                            "title": "The New Weekend Experience",
                            "videos": Array [
                              Object {
                                "__typename": "VideoMedia",
                                "sources": Array [],
                              },
                              Object {
                                "__typename": "VideoMedia",
                                "sources": Array [],
                              },
                            ],
                          },
                          Object {
                            "__typename": "ContentSeriesContentItem",
                            "coverImage": Object {
                              "__typename": "ImageMedia",
                              "sources": Array [
                                Object {
                                  "__typename": "ImageMediaSource",
                                  "uri": "https://res.cloudinary.com/apollos/image/fetch/c_limit,f_auto,w_1600/https://apollosrock.newspring.cc/GetImage.ashx%3Fguid%3D50f4e3e3-2842-4991-9f64-8fc6fbb3067c",
                                },
                              ],
                            },
                            "hyphenatedTitle": "Gathering",
                            "id": "ContentSeriesContentItem:08449058d438ebeaffe9adb7a8e633cc",
                            "parentChannel": Object {
                              "__typename": "ContentChannel",
                              "id": "ContentChannel:a0f64573eabf00a607bec911794d50fb",
                              "name": "Sermon Series",
                            },
                            "summary": "",
                            "theme": null,
                            "title": "Gathering",
                            "videos": Array [
                              Object {
                                "__typename": "VideoMedia",
                                "sources": Array [],
                              },
                              Object {
                                "__typename": "VideoMedia",
                                "sources": Array [],
                              },
                            ],
                          },
                          Object {
                            "__typename": "ContentSeriesContentItem",
                            "coverImage": Object {
                              "__typename": "ImageMedia",
                              "sources": Array [
                                Object {
                                  "__typename": "ImageMediaSource",
                                  "uri": "https://res.cloudinary.com/apollos/image/fetch/c_limit,f_auto,w_1600/https://apollosrock.newspring.cc/GetImage.ashx%3Fguid%3D3e3e38d2-d804-45db-b45a-3b7a82c415d1",
                                },
                              ],
                            },
                            "hyphenatedTitle": "Gauntlet 2018",
                            "id": "ContentSeriesContentItem:b74c2d295a0cf1340232ffa8be856c00",
                            "parentChannel": Object {
                              "__typename": "ContentChannel",
                              "id": "ContentChannel:a0f64573eabf00a607bec911794d50fb",
                              "name": "Sermon Series",
                            },
                            "summary": "",
                            "theme": null,
                            "title": "Gauntlet 2018",
                            "videos": Array [
                              Object {
                                "__typename": "VideoMedia",
                                "sources": Array [],
                              },
                              Object {
                                "__typename": "VideoMedia",
                                "sources": Array [],
                              },
                            ],
                          },
                        ]
                      }
                      decelerationRate="fast"
                      horizontal={true}
                      initialScrollIndex={0}
                      keyExtractor={[Function]}
                      loadingStateObject={
                        Object {
                          "coverImage": Array [],
                          "id": "fake_id",
                          "title": "",
                        }
                      }
                      refreshing={false}
                      renderItem={[Function]}
                      showsHorizontalScrollIndicator={false}
                      snapToAlignment="start"
                      snapToInterval={256}
                      style={
                        Object {
                          "marginTop": -20,
                          "paddingBottom": 16,
                          "zIndex": 1,
                        }
                      }
                    />
                  </View>
                  <View
                    onLayout={[Function]}
                    style={null}
                  >
                    <View
                      style={
                        Object {
                          "alignItems": "center",
                          "flexDirection": "row",
                          "justifyContent": "space-between",
                          "paddingLeft": 16,
                          "zIndex": 2,
                        }
                      }
                    >
                      <View
                        style={
                          Object {
                            "flexGrow": 2,
                          }
                        }
                      >
                        <Text
                          style={
                            Object {
                              "color": "#303030",
                              "fontFamily": "Colfax-Medium",
                              "fontSize": 14,
                              "lineHeight": 20.16,
                            }
                          }
                        >
                          Devotion Series
                        </Text>
                      </View>
                      <View
                        accessible={true}
                        clickable={true}
                        isTVSelectable={true}
                        onClick={[Function]}
                        onResponderGrant={[Function]}
                        onResponderMove={[Function]}
                        onResponderRelease={[Function]}
                        onResponderTerminate={[Function]}
                        onResponderTerminationRequest={[Function]}
                        onStartShouldSetResponder={[Function]}
                        style={
                          Object {
                            "opacity": 1,
                          }
                        }
                      >
                        <View
                          style={
                            Object {
                              "flexDirection": "row",
                              "justifyContent": "flex-end",
                              "padding": 16,
                            }
                          }
                        >
                          <Text
                            style={
                              Object {
                                "color": "#505050",
                                "fontFamily": "Colfax-Bold",
                                "fontSize": 12,
                                "lineHeight": 17.28,
                              }
                            }
                          >
                            <Text
                              style={
                                Object {
                                  "color": "#6bac43",
                                }
                              }
                            >
                              View All
                            </Text>
                          </Text>
                        </View>
                      </View>
                    </View>
                    <View
                      contentContainerStyle={
                        Object {
                          "padding": 8,
                          "paddingBottom": 0,
                        }
                      }
                      data={
                        Array [
                          Object {
                            "__typename": "ContentSeriesContentItem",
                            "coverImage": Object {
                              "__typename": "ImageMedia",
                              "sources": Array [
                                Object {
                                  "__typename": "ImageMediaSource",
                                  "uri": "https://res.cloudinary.com/apollos/image/fetch/c_limit,f_auto,w_1600/https://apollosrock.newspring.cc/GetImage.ashx%3Fguid%3D31af1a61-360c-4b1e-8e62-45517c06a9a2",
                                },
                              ],
                            },
                            "hyphenatedTitle": "Jeremiah: A 33-Day Devotional",
                            "id": "ContentSeriesContentItem:b085ec27d53006e9e6b95f3ac57da581",
                            "parentChannel": Object {
                              "__typename": "ContentChannel",
                              "id": "ContentChannel:7fba1b1ee253e0fd5f0795b4b8b1175e",
                              "name": "Devotion Series",
                            },
                            "summary": "Have you ever had to deliver difficult news?",
                            "theme": null,
                            "title": "Jeremiah: A 33-Day Devotional",
                            "videos": Array [
                              Object {
                                "__typename": "VideoMedia",
                                "sources": Array [],
                              },
                            ],
                          },
                          Object {
                            "__typename": "ContentSeriesContentItem",
                            "coverImage": Object {
                              "__typename": "ImageMedia",
                              "sources": Array [
                                Object {
                                  "__typename": "ImageMediaSource",
                                  "uri": "https://res.cloudinary.com/apollos/image/fetch/c_limit,f_auto,w_1600/https://apollosrock.newspring.cc/GetImage.ashx%3Fguid%3Dd3a96243-2558-4c04-bf41-3aadcf41771f",
                                },
                              ],
                            },
                            "hyphenatedTitle": "How To Be A Better Leader: A 7-Day Devotional",
                            "id": "ContentSeriesContentItem:71bfdac0b98ea1b72a63ff4ea64e3c5a",
                            "parentChannel": Object {
                              "__typename": "ContentChannel",
                              "id": "ContentChannel:7fba1b1ee253e0fd5f0795b4b8b1175e",
                              "name": "Devotion Series",
                            },
                            "summary": "",
                            "theme": null,
                            "title": "How To Be A Better Leader: A 7-Day Devotional",
                            "videos": Array [
                              Object {
                                "__typename": "VideoMedia",
                                "sources": Array [],
                              },
                            ],
                          },
                          Object {
                            "__typename": "ContentSeriesContentItem",
                            "coverImage": Object {
                              "__typename": "ImageMedia",
                              "sources": Array [
                                Object {
                                  "__typename": "ImageMediaSource",
                                  "uri": "https://res.cloudinary.com/apollos/image/fetch/c_limit,f_auto,w_1600/https://apollosrock.newspring.cc/GetImage.ashx%3Fguid%3D70b0b57c-5a15-4f46-8e6a-c759231685bf",
                                },
                              ],
                            },
                            "hyphenatedTitle": "2 Thessalonians: A 5-Day Devotional",
                            "id": "ContentSeriesContentItem:44fd3b82373ea8f197bd1e1e77c4bed0",
                            "parentChannel": Object {
                              "__typename": "ContentChannel",
                              "id": "ContentChannel:7fba1b1ee253e0fd5f0795b4b8b1175e",
                              "name": "Devotion Series",
                            },
                            "summary": "",
                            "theme": null,
                            "title": "2 Thessalonians: A 5-Day Devotional",
                            "videos": Array [
                              Object {
                                "__typename": "VideoMedia",
                                "sources": Array [],
                              },
                            ],
                          },
                        ]
                      }
                      decelerationRate="fast"
                      horizontal={true}
                      initialScrollIndex={0}
                      keyExtractor={[Function]}
                      loadingStateObject={
                        Object {
                          "coverImage": Array [],
                          "id": "fake_id",
                          "title": "",
                        }
                      }
                      refreshing={false}
                      renderItem={[Function]}
                      showsHorizontalScrollIndicator={false}
                      snapToAlignment="start"
                      snapToInterval={256}
                      style={
                        Object {
                          "marginTop": -20,
                          "paddingBottom": 16,
                          "zIndex": 1,
                        }
                      }
                    />
                  </View>
                  <View
                    onLayout={[Function]}
                    style={null}
                  >
                    <View
                      style={
                        Object {
                          "alignItems": "center",
                          "flexDirection": "row",
                          "justifyContent": "space-between",
                          "paddingLeft": 16,
                          "zIndex": 2,
                        }
                      }
                    >
                      <View
                        style={
                          Object {
                            "flexGrow": 2,
                          }
                        }
                      >
                        <Text
                          style={
                            Object {
                              "color": "#303030",
                              "fontFamily": "Colfax-Medium",
                              "fontSize": 14,
                              "lineHeight": 20.16,
                            }
                          }
                        >
                          Stories
                        </Text>
                      </View>
                      <View
                        accessible={true}
                        clickable={true}
                        isTVSelectable={true}
                        onClick={[Function]}
                        onResponderGrant={[Function]}
                        onResponderMove={[Function]}
                        onResponderRelease={[Function]}
                        onResponderTerminate={[Function]}
                        onResponderTerminationRequest={[Function]}
                        onStartShouldSetResponder={[Function]}
                        style={
                          Object {
                            "opacity": 1,
                          }
                        }
                      >
                        <View
                          style={
                            Object {
                              "flexDirection": "row",
                              "justifyContent": "flex-end",
                              "padding": 16,
                            }
                          }
                        >
                          <Text
                            style={
                              Object {
                                "color": "#505050",
                                "fontFamily": "Colfax-Bold",
                                "fontSize": 12,
                                "lineHeight": 17.28,
                              }
                            }
                          >
                            <Text
                              style={
                                Object {
                                  "color": "#6bac43",
                                }
                              }
                            >
                              View All
                            </Text>
                          </Text>
                        </View>
                      </View>
                    </View>
                    <View
                      contentContainerStyle={
                        Object {
                          "padding": 8,
                          "paddingBottom": 0,
                        }
                      }
                      data={
                        Array [
                          Object {
                            "__typename": "UniversalContentItem",
                            "coverImage": Object {
                              "__typename": "ImageMedia",
                              "sources": Array [
                                Object {
                                  "__typename": "ImageMediaSource",
                                  "uri": "https://res.cloudinary.com/apollos/image/fetch/c_limit,f_auto,w_1600/https://apollosrock.newspring.cc/GetImage.ashx%3Fguid%3D2a65e561-cd6e-4590-bb37-029a21c554e8",
                                },
                              ],
                            },
                            "hyphenatedTitle": "The surprising journey that changed me and my dad",
                            "id": "UniversalContentItem:cf8fa657f23af88a2d63f7e4a2237db8",
                            "parentChannel": Object {
                              "__typename": "ContentChannel",
                              "id": "ContentChannel:be7381e9c2fea9f41504cd98d4b14321",
                              "name": "Stories",
                            },
                            "summary": "My father, Darwin, has always been involved in my life.",
                            "theme": null,
                            "title": "The surprising journey that changed me and my dad",
                            "videos": Array [],
                          },
                          Object {
                            "__typename": "UniversalContentItem",
                            "coverImage": Object {
                              "__typename": "ImageMedia",
                              "sources": Array [
                                Object {
                                  "__typename": "ImageMediaSource",
                                  "uri": "https://res.cloudinary.com/apollos/image/fetch/c_limit,f_auto,w_1600/https://apollosrock.newspring.cc/GetImage.ashx%3Fguid%3D0305285f-1155-4405-ba38-a61b9c8558be",
                                },
                              ],
                            },
                            "hyphenatedTitle": "When I lost hope, my church family had my back",
                            "id": "UniversalContentItem:2e17f5a66407d114ab9f2392b03ebccd",
                            "parentChannel": Object {
                              "__typename": "ContentChannel",
                              "id": "ContentChannel:be7381e9c2fea9f41504cd98d4b14321",
                              "name": "Stories",
                            },
                            "summary": "Brian Kalwat was just trying to knock something off his honey-do list.",
                            "theme": null,
                            "title": "When I lost hope, my church family had my back",
                            "videos": Array [],
                          },
                          Object {
                            "__typename": "UniversalContentItem",
                            "coverImage": Object {
                              "__typename": "ImageMedia",
                              "sources": Array [
                                Object {
                                  "__typename": "ImageMediaSource",
                                  "uri": "https://res.cloudinary.com/apollos/image/fetch/c_limit,f_auto,w_1600/https://apollosrock.newspring.cc/GetImage.ashx%3Fguid%3Da65bc45d-f961-4b7e-a899-63eb1f9b8da9",
                                },
                              ],
                            },
                            "hyphenatedTitle": "A Place to Worship Free of Fear",
                            "id": "UniversalContentItem:ae8ec75906ba7437c49ad2534b5024db",
                            "parentChannel": Object {
                              "__typename": "ContentChannel",
                              "id": "ContentChannel:be7381e9c2fea9f41504cd98d4b14321",
                              "name": "Stories",
                            },
                            "summary": "Cornelius &amp; Stephanie Mack, proud parents of a Special Friends adult, share about their experience
Our son Cameron began attending Willow Creek Special Friends in 2015.",
                            "theme": null,
                            "title": "A Place to Worship Free of Fear",
                            "videos": Array [],
                          },
                        ]
                      }
                      decelerationRate="fast"
                      horizontal={true}
                      initialScrollIndex={0}
                      keyExtractor={[Function]}
                      loadingStateObject={
                        Object {
                          "coverImage": Array [],
                          "id": "fake_id",
                          "title": "",
                        }
                      }
                      refreshing={false}
                      renderItem={[Function]}
                      showsHorizontalScrollIndicator={false}
                      snapToAlignment="start"
                      snapToInterval={256}
                      style={
                        Object {
                          "marginTop": -20,
                          "paddingBottom": 16,
                          "zIndex": 1,
                        }
                      }
                    />
                  </View>
                </View>
              </RCTScrollView>
            </BVLinearGradient>
          </View>
        </View>
      </View>
      <View
        onLayout={[Function]}
        pointerEvents="box-none"
        style={
          Object {
            "left": 0,
            "position": "absolute",
            "right": 0,
            "top": 0,
          }
        }
      >
        <View
          style={
            Object {
              "backgroundColor": "#fff",
              "transform": Array [
                Object {
                  "translateX": 0,
                },
              ],
            }
          }
        >
          <View
            onLayout={[Function]}
            pointerEvents="box-none"
            style={
              Object {
                "backgroundColor": "#fff",
                "borderBottomColor": "#a7a7aa",
                "borderBottomWidth": 0,
                "elevation": 0,
                "height": 64,
                "paddingBottom": 0,
                "paddingLeft": 0,
                "paddingRight": 0,
                "paddingTop": 20,
              }
            }
          >
            <View
              style={
                Object {
                  "flex": 1,
                }
              }
            >
              <View
                style={
                  Object {
                    "bottom": 0,
                    "flexDirection": "row",
                    "left": 0,
                    "position": "absolute",
                    "right": 0,
                    "top": 0,
                  }
                }
              >
                <View
                  pointerEvents="box-none"
                  style={
                    Object {
                      "alignItems": "center",
                      "backgroundColor": "transparent",
                      "bottom": 0,
                      "flexDirection": "row",
                      "justifyContent": "center",
                      "left": 0,
                      "opacity": 1,
                      "position": "absolute",
                      "right": 0,
                      "top": 0,
                    }
                  }
                >
                  <Text
                    accessibilityTraits="header"
                    allowFontScaling={false}
                    numberOfLines={1}
                    onLayout={[Function]}
                    style={
                      Object {
                        "color": "rgba(0, 0, 0, 0.9)",
                        "fontSize": 17,
                        "fontWeight": "600",
                        "marginHorizontal": 16,
                        "textAlign": "center",
                      }
                    }
                  >
                    Discover
                  </Text>
                </View>
              </View>
            </View>
          </View>
        </View>
      </View>
    </View>
  </View>
</View>
`;
