// Jest Snapshot v1, https://goo.gl/fbAQLP

exports[`RecentlyLikedTileFeedConnected renders a RecentlyLikedTileFeedConnected 1`] = `
<View
  horizontal={false}
  style={
    Object {
      "paddingHorizontal": 0,
      "paddingVertical": 16,
    }
  }
>
  <View
    style={
      Object {
        "alignItems": "center",
        "flexDirection": "row",
        "justifyContent": "space-between",
        "paddingLeft": 16,
        "paddingTop": 8,
        "zIndex": 2,
      }
    }
  >
    <View
      style={
        Object {
          "flexGrow": 2,
        }
      }
    >
      <Text
        style={
          Object {
            "color": "#303030",
            "fontFamily": "Colfax-Medium",
            "fontSize": 14,
            "lineHeight": 20.16,
          }
        }
      >
        Recently Liked
      </Text>
    </View>
    <View
      accessible={true}
      clickable={true}
      isTVSelectable={true}
      onClick={[Function]}
      onResponderGrant={[Function]}
      onResponderMove={[Function]}
      onResponderRelease={[Function]}
      onResponderTerminate={[Function]}
      onResponderTerminationRequest={[Function]}
      onStartShouldSetResponder={[Function]}
      style={
        Object {
          "opacity": 1,
        }
      }
    >
      <View
        style={
          Object {
            "flexDirection": "row",
            "justifyContent": "flex-end",
            "padding": 16,
          }
        }
      >
        <Text
          style={
            Object {
              "color": "#505050",
              "fontFamily": "Colfax-Bold",
              "fontSize": 12,
              "lineHeight": 17.28,
            }
          }
        >
          <Text
            style={
              Object {
                "color": "#6bac43",
              }
            }
          >
            View All
          </Text>
        </Text>
      </View>
    </View>
  </View>
  <View
    contentContainerStyle={
      Object {
        "padding": 8,
        "paddingBottom": 0,
      }
    }
    data={
      Array [
        Object {
          "__typename": "UniversalContentItem",
          "coverImage": null,
          "hyphenatedTitle": "Mea Animal Aperiam Ornatus Eu",
          "id": "UniversalContentItem:d57994350b9d213866b24dea3a97433d",
          "isLiked": false,
          "parentChannel": Object {
            "__typename": "ContentChannel",
            "id": "ContentChannel:4f68015ba18662a7409d1219a4ce013e",
            "name": "Editorial",
          },
          "summary": "Bla bla bla",
          "theme": null,
          "title": "Mea Animal Aperiam Ornatus Eu",
          "videos": Array [],
        },
        Object {
          "__typename": "UniversalContentItem",
          "coverImage": null,
          "hyphenatedTitle": "Probo Senserit Id Mea, Ut Sed Malis Postea,",
          "id": "UniversalContentItem:b36e55d803443431e96bb4b5068147ec",
          "isLiked": false,
          "parentChannel": Object {
            "__typename": "ContentChannel",
            "id": "ContentChannel:4f68015ba18662a7409d1219a4ce013e",
            "name": "Editorial",
          },
          "summary": "Bla bla bla",
          "theme": null,
          "title": "Probo Senserit Id Mea, Ut Sed Malis Postea,",
          "videos": Array [],
        },
      ]
    }
    decelerationRate="fast"
    horizontal={true}
    initialScrollIndex={0}
    keyExtractor={[Function]}
    loadingStateObject={
      Object {
        "coverImage": Array [],
        "id": "fake_id",
        "title": "",
      }
    }
    refreshing={false}
    renderItem={[Function]}
    showsHorizontalScrollIndicator={false}
    snapToAlignment="start"
    snapToInterval={256}
    style={
      Object {
        "marginTop": -20,
        "zIndex": 1,
      }
    }
  />
</View>
`;

exports[`RecentlyLikedTileFeedConnected renders nothing if no liked content 1`] = `null`;
