// Jest Snapshot v1, https://goo.gl/fbAQLP

exports[`Display Native Map with Locations Render a native map view 1`] = `
<MapView
  campuses={
    Array [
      Object {
        "__typename": "Campus",
        "city": "Anderson",
        "distanceFromLocation": 5,
        "id": "Campus:559b23fd0aa90e81b1c023e72e230fa1",
        "image": Object {
          "__typename": "ImageMediaSource",
          "uri": "https://res.cloudinary.com/apollos/image/fetch/c_limit,f_auto,w_1600/https://apollosrock.newspring.cc/GetImage.ashx%3Fguid%3Da47e8e69-9542-42de-9ed3-ff42fdc82417",
        },
        "latitude": 34.59814,
        "longitude": -82.62045,
        "name": "Anderson Campus",
        "postalCode": "29621-3619",
        "state": "SC",
        "street1": "2940 Concord Rd",
        "street2": "",
      },
      Object {
        "__typename": "Campus",
        "city": "Richardson",
        "distanceFromLocation": 50,
        "id": "Campus:965b6e6d7046a885bea4e300b5c0400d",
        "image": Object {
          "__typename": "ImageMediaSource",
          "uri": "https://res.cloudinary.com/apollos/image/fetch/c_limit,f_auto,w_1600/https://apollosrock.newspring.cc/GetImage.ashx%3Fguid%3D5f9fd97a-fd6e-4ae5-ab5d-a9b95290d9b6",
        },
        "latitude": 32.95103,
        "longitude": -96.74738,
        "name": "Dallas Campus",
        "postalCode": "75080-5525",
        "state": "TX",
        "street1": "102 N Weatherred Dr",
        "street2": "",
      },
      Object {
        "__typename": "Campus",
        "city": "Cincinnati",
        "distanceFromLocation": 500,
        "id": "Campus:4f68015ba18662a7409d1219a4ce013e",
        "image": Object {
          "__typename": "ImageMediaSource",
          "uri": "https://res.cloudinary.com/apollos/image/fetch/c_limit,f_auto,w_1600/https://apollosrock.newspring.cc/GetImage.ashx%3Fguid%3Dbad9eb54-3e78-44a7-a028-3f2d6e71a36f",
        },
        "latitude": 39.10501,
        "longitude": -84.51138,
        "name": "Cincinnati Campus",
        "postalCode": "45202-2118",
        "state": "OH",
        "street1": "120 E 8th St",
        "street2": "",
      },
      Object {
        "__typename": "Campus",
        "city": "South Barrington",
        "distanceFromLocation": 5000,
        "id": "Campus:a0f64573eabf00a607bec911794d50fb",
        "image": Object {
          "__typename": "ImageMediaSource",
          "uri": "https://res.cloudinary.com/apollos/image/fetch/c_limit,f_auto,w_1600/https://apollosrock.newspring.cc/GetImage.ashx%3Fguid%3Dede1fb83-968e-4bef-8d77-ad81c96e8a47",
        },
        "latitude": 42.09203,
        "longitude": -88.13289,
        "name": "Chicago Campus",
        "postalCode": "60010-6143",
        "state": "IL",
        "street1": "67 Algonquin Rd",
        "street2": "",
      },
    ]
  }
  currentCampus={
    Object {
      "__typename": "Campus",
      "city": "South Barrington",
      "id": "Campus:a0f64573eabf00a607bec911794d50fb",
      "image": Object {
        "__typename": "ImageMediaSource",
        "uri": "https://res.cloudinary.com/apollos/image/fetch/c_limit,f_auto,w_1600/https://apollosrock.newspring.cc/GetImage.ashx%3Fguid%3Dede1fb83-968e-4bef-8d77-ad81c96e8a47",
      },
      "latitude": 42.09203,
      "longitude": -88.13289,
      "name": "Chicago Campus",
      "postalCode": "60010-6143",
      "state": "IL",
      "street1": "67 Algonquin Rd",
      "street2": "",
    }
  }
  initialRegion={
    Object {
      "latitude": 39.809734,
      "latitudeDelta": 100,
      "longitude": -98.555618,
      "longitudeDelta": 10,
    }
  }
  isLoading={false}
  navigation={
    Object {
      "getParam": [MockFunction],
      "goBack": [MockFunction],
      "navigate": [MockFunction],
    }
  }
  onLocationSelect={[Function]}
  userLocation={
    Object {
      "latitude": 34.59778,
      "longitude": -82.62259,
    }
  }
/>
`;
