// Jest Snapshot v1, https://goo.gl/fbAQLP

exports[`the PrayerSingle component renders a prayer card 1`] = `
<View>
  <View
    style={
      Object {
        "position": "absolute",
        "right": 0,
        "top": 0,
        "zIndex": 2,
      }
    }
  />
  <View
    style={
      Object {
        "marginVertical": 16,
        "paddingRight": 16,
      }
    }
  >
    <Text
      bold={false}
      italic={false}
      style={
        Object {
          "color": "#303030",
          "fontFamily": "Colfax-Regular",
          "fontSize": 16,
          "lineHeight": 26,
        }
      }
    >
      I want to go back to school for my PTA degree next year, but I’m afraid of not getting accepted. I have a great job right now but I’m not very happy. Pray my plans for school align with God’s plans for me.
    </Text>
  </View>
</View>
`;
